# fuzz.runs=10000 fuzz.seed=0x496e764d7574 max_test_rejects=2560000 forge_timeout_s=600
# test	verdict	fix	bug	cause	fix_reason	bug_reason
L0020	correct	PASS	FAIL			assertion failed
L0015	correct	PASS	FAIL			assertion failed
L0002	correct	PASS	FAIL			assertion failed
L0012	correct	PASS	FAIL			assertion failed
L0017	correct	PASS	FAIL			assertion failed
L0003	correct	PASS	FAIL			Unapproved address should not be logged
L0006	correct	PASS	FAIL			assertion failed
L0010	correct	PASS	FAIL			Non-approved logger should return false
L0007	correct	PASS	FAIL			Non-approved logger should not be able to emit Created
L0016	correct	PASS	FAIL			assertion failed
L0013	correct	PASS	FAIL			assertion failed
L0020	correct	PASS	FAIL			assertion failed
L0015	correct	PASS	FAIL			assertion failed
L0002	correct	PASS	FAIL			assertion failed
L0012	correct	PASS	FAIL			assertion failed
L0003	correct	PASS	FAIL			Unapproved address should not be logged
L0017	correct	PASS	FAIL			assertion failed
L0006	correct	PASS	FAIL			assertion failed
L0010	correct	PASS	FAIL			Non-approved logger should return false
L0016	correct	PASS	FAIL			assertion failed
L0007	correct	PASS	FAIL			Non-approved logger should not be able to emit Created
L0013	correct	PASS	FAIL			assertion failed
